

exports[`Should echo salut 1.1`] = `"salut
"`;

exports[`Should echo salut 1.2`] = `"salut
"`;
